[  656071ms] [ERROR] Access to fetch at 'file:///D:/%D1%81%D0%B0%D0%B9%D1%82%D0%90%D0%9C%D0%A3%D0%A0%D0%9A%D0%90/data/ssm-status.json' from origin 'null' has been blocked by CORS policy: Cross origin requests are only supported for protocol schemes: chrome, chrome-extension, chrome-untrusted, data, http, https, isolated-app. @ file:///D:/%D1%81%D0%B0%D0%B9%D1%82%D0%90%D0%9C%D0%A3%D0%A0%D0%9A%D0%90/stats/index.html:0
[  656072ms] [ERROR] Failed to load resource: net::ERR_FAILED @ file:///D:/%D1%81%D0%B0%D0%B9%D1%82%D0%90%D0%9C%D0%A3%D0%A0%D0%9A%D0%90/data/ssm-status.json:0
[  656072ms] [ERROR] Access to fetch at 'file:///D:/%D1%81%D0%B0%D0%B9%D1%82%D0%90%D0%9C%D0%A3%D0%A0%D0%9A%D0%90/data/ssm-rating.json' from origin 'null' has been blocked by CORS policy: Cross origin requests are only supported for protocol schemes: chrome, chrome-extension, chrome-untrusted, data, http, https, isolated-app. @ file:///D:/%D1%81%D0%B0%D0%B9%D1%82%D0%90%D0%9C%D0%A3%D0%A0%D0%9A%D0%90/stats/index.html:0
[  656072ms] [ERROR] Failed to load resource: net::ERR_FAILED @ file:///D:/%D1%81%D0%B0%D0%B9%D1%82%D0%90%D0%9C%D0%A3%D0%A0%D0%9A%D0%90/data/ssm-rating.json:0
[  656074ms] [ERROR] Access to fetch at 'file:///D:/%D1%81%D0%B0%D0%B9%D1%82%D0%90%D0%9C%D0%A3%D0%A0%D0%9A%D0%90/data/server-status.json' from origin 'null' has been blocked by CORS policy: Cross origin requests are only supported for protocol schemes: chrome, chrome-extension, chrome-untrusted, data, http, https, isolated-app. @ file:///D:/%D1%81%D0%B0%D0%B9%D1%82%D0%90%D0%9C%D0%A3%D0%A0%D0%9A%D0%90/stats/index.html:0
[  656074ms] [ERROR] Failed to load resource: net::ERR_FAILED @ file:///D:/%D1%81%D0%B0%D0%B9%D1%82%D0%90%D0%9C%D0%A3%D0%A0%D0%9A%D0%90/data/server-status.json:0
[  716075ms] [ERROR] Access to fetch at 'file:///D:/%D1%81%D0%B0%D0%B9%D1%82%D0%90%D0%9C%D0%A3%D0%A0%D0%9A%D0%90/data/ssm-status.json' from origin 'null' has been blocked by CORS policy: Cross origin requests are only supported for protocol schemes: chrome, chrome-extension, chrome-untrusted, data, http, https, isolated-app. @ file:///D:/%D1%81%D0%B0%D0%B9%D1%82%D0%90%D0%9C%D0%A3%D0%A0%D0%9A%D0%90/stats/index.html:0
[  716075ms] [ERROR] Failed to load resource: net::ERR_FAILED @ file:///D:/%D1%81%D0%B0%D0%B9%D1%82%D0%90%D0%9C%D0%A3%D0%A0%D0%9A%D0%90/data/ssm-status.json:0
[  716076ms] [ERROR] Access to fetch at 'file:///D:/%D1%81%D0%B0%D0%B9%D1%82%D0%90%D0%9C%D0%A3%D0%A0%D0%9A%D0%90/data/server-status.json' from origin 'null' has been blocked by CORS policy: Cross origin requests are only supported for protocol schemes: chrome, chrome-extension, chrome-untrusted, data, http, https, isolated-app. @ file:///D:/%D1%81%D0%B0%D0%B9%D1%82%D0%90%D0%9C%D0%A3%D0%A0%D0%9A%D0%90/stats/index.html:0
[  716076ms] [ERROR] Failed to load resource: net::ERR_FAILED @ file:///D:/%D1%81%D0%B0%D0%B9%D1%82%D0%90%D0%9C%D0%A3%D0%A0%D0%9A%D0%90/data/server-status.json:0
[  776083ms] [ERROR] Access to fetch at 'file:///D:/%D1%81%D0%B0%D0%B9%D1%82%D0%90%D0%9C%D0%A3%D0%A0%D0%9A%D0%90/data/ssm-status.json' from origin 'null' has been blocked by CORS policy: Cross origin requests are only supported for protocol schemes: chrome, chrome-extension, chrome-untrusted, data, http, https, isolated-app. @ file:///D:/%D1%81%D0%B0%D0%B9%D1%82%D0%90%D0%9C%D0%A3%D0%A0%D0%9A%D0%90/stats/index.html:0
[  776083ms] [ERROR] Failed to load resource: net::ERR_FAILED @ file:///D:/%D1%81%D0%B0%D0%B9%D1%82%D0%90%D0%9C%D0%A3%D0%A0%D0%9A%D0%90/data/ssm-status.json:0
[  776084ms] [ERROR] Access to fetch at 'file:///D:/%D1%81%D0%B0%D0%B9%D1%82%D0%90%D0%9C%D0%A3%D0%A0%D0%9A%D0%90/data/server-status.json' from origin 'null' has been blocked by CORS policy: Cross origin requests are only supported for protocol schemes: chrome, chrome-extension, chrome-untrusted, data, http, https, isolated-app. @ file:///D:/%D1%81%D0%B0%D0%B9%D1%82%D0%90%D0%9C%D0%A3%D0%A0%D0%9A%D0%90/stats/index.html:0
[  776084ms] [ERROR] Failed to load resource: net::ERR_FAILED @ file:///D:/%D1%81%D0%B0%D0%B9%D1%82%D0%90%D0%9C%D0%A3%D0%A0%D0%9A%D0%90/data/server-status.json:0
[  836086ms] [ERROR] Access to fetch at 'file:///D:/%D1%81%D0%B0%D0%B9%D1%82%D0%90%D0%9C%D0%A3%D0%A0%D0%9A%D0%90/data/ssm-status.json' from origin 'null' has been blocked by CORS policy: Cross origin requests are only supported for protocol schemes: chrome, chrome-extension, chrome-untrusted, data, http, https, isolated-app. @ file:///D:/%D1%81%D0%B0%D0%B9%D1%82%D0%90%D0%9C%D0%A3%D0%A0%D0%9A%D0%90/stats/index.html:0
[  836086ms] [ERROR] Failed to load resource: net::ERR_FAILED @ file:///D:/%D1%81%D0%B0%D0%B9%D1%82%D0%90%D0%9C%D0%A3%D0%A0%D0%9A%D0%90/data/ssm-status.json:0
[  836086ms] [ERROR] Access to fetch at 'file:///D:/%D1%81%D0%B0%D0%B9%D1%82%D0%90%D0%9C%D0%A3%D0%A0%D0%9A%D0%90/data/server-status.json' from origin 'null' has been blocked by CORS policy: Cross origin requests are only supported for protocol schemes: chrome, chrome-extension, chrome-untrusted, data, http, https, isolated-app. @ file:///D:/%D1%81%D0%B0%D0%B9%D1%82%D0%90%D0%9C%D0%A3%D0%A0%D0%9A%D0%90/stats/index.html:0
[  836087ms] [ERROR] Failed to load resource: net::ERR_FAILED @ file:///D:/%D1%81%D0%B0%D0%B9%D1%82%D0%90%D0%9C%D0%A3%D0%A0%D0%9A%D0%90/data/server-status.json:0
[  896074ms] [ERROR] Access to fetch at 'file:///D:/%D1%81%D0%B0%D0%B9%D1%82%D0%90%D0%9C%D0%A3%D0%A0%D0%9A%D0%90/data/ssm-status.json' from origin 'null' has been blocked by CORS policy: Cross origin requests are only supported for protocol schemes: chrome, chrome-extension, chrome-untrusted, data, http, https, isolated-app. @ file:///D:/%D1%81%D0%B0%D0%B9%D1%82%D0%90%D0%9C%D0%A3%D0%A0%D0%9A%D0%90/stats/index.html:0
[  896074ms] [ERROR] Failed to load resource: net::ERR_FAILED @ file:///D:/%D1%81%D0%B0%D0%B9%D1%82%D0%90%D0%9C%D0%A3%D0%A0%D0%9A%D0%90/data/ssm-status.json:0
[  896075ms] [ERROR] Access to fetch at 'file:///D:/%D1%81%D0%B0%D0%B9%D1%82%D0%90%D0%9C%D0%A3%D0%A0%D0%9A%D0%90/data/server-status.json' from origin 'null' has been blocked by CORS policy: Cross origin requests are only supported for protocol schemes: chrome, chrome-extension, chrome-untrusted, data, http, https, isolated-app. @ file:///D:/%D1%81%D0%B0%D0%B9%D1%82%D0%90%D0%9C%D0%A3%D0%A0%D0%9A%D0%90/stats/index.html:0
[  896075ms] [ERROR] Failed to load resource: net::ERR_FAILED @ file:///D:/%D1%81%D0%B0%D0%B9%D1%82%D0%90%D0%9C%D0%A3%D0%A0%D0%9A%D0%90/data/server-status.json:0
[  956086ms] [ERROR] Access to fetch at 'file:///D:/%D1%81%D0%B0%D0%B9%D1%82%D0%90%D0%9C%D0%A3%D0%A0%D0%9A%D0%90/data/ssm-status.json' from origin 'null' has been blocked by CORS policy: Cross origin requests are only supported for protocol schemes: chrome, chrome-extension, chrome-untrusted, data, http, https, isolated-app. @ file:///D:/%D1%81%D0%B0%D0%B9%D1%82%D0%90%D0%9C%D0%A3%D0%A0%D0%9A%D0%90/stats/index.html:0
[  956086ms] [ERROR] Failed to load resource: net::ERR_FAILED @ file:///D:/%D1%81%D0%B0%D0%B9%D1%82%D0%90%D0%9C%D0%A3%D0%A0%D0%9A%D0%90/data/ssm-status.json:0
[  956087ms] [ERROR] Access to fetch at 'file:///D:/%D1%81%D0%B0%D0%B9%D1%82%D0%90%D0%9C%D0%A3%D0%A0%D0%9A%D0%90/data/server-status.json' from origin 'null' has been blocked by CORS policy: Cross origin requests are only supported for protocol schemes: chrome, chrome-extension, chrome-untrusted, data, http, https, isolated-app. @ file:///D:/%D1%81%D0%B0%D0%B9%D1%82%D0%90%D0%9C%D0%A3%D0%A0%D0%9A%D0%90/stats/index.html:0
[  956087ms] [ERROR] Failed to load resource: net::ERR_FAILED @ file:///D:/%D1%81%D0%B0%D0%B9%D1%82%D0%90%D0%9C%D0%A3%D0%A0%D0%9A%D0%90/data/server-status.json:0
