[     814ms] [ERROR] Access to fetch at 'file:///D:/%D1%81%D0%B0%D0%B9%D1%82%D0%90%D0%9C%D0%A3%D0%A0%D0%9A%D0%90/data/ssm-status.json' from origin 'null' has been blocked by CORS policy: Cross origin requests are only supported for protocol schemes: chrome, chrome-extension, chrome-untrusted, data, http, https, isolated-app. @ file:///D:/%D1%81%D0%B0%D0%B9%D1%82%D0%90%D0%9C%D0%A3%D0%A0%D0%9A%D0%90/stats/index.html:0
[     815ms] [ERROR] Failed to load resource: net::ERR_FAILED @ file:///D:/%D1%81%D0%B0%D0%B9%D1%82%D0%90%D0%9C%D0%A3%D0%A0%D0%9A%D0%90/data/ssm-status.json:0
[     816ms] [ERROR] Access to fetch at 'file:///D:/%D1%81%D0%B0%D0%B9%D1%82%D0%90%D0%9C%D0%A3%D0%A0%D0%9A%D0%90/data/ssm-rating.json' from origin 'null' has been blocked by CORS policy: Cross origin requests are only supported for protocol schemes: chrome, chrome-extension, chrome-untrusted, data, http, https, isolated-app. @ file:///D:/%D1%81%D0%B0%D0%B9%D1%82%D0%90%D0%9C%D0%A3%D0%A0%D0%9A%D0%90/stats/index.html:0
[     816ms] [ERROR] Failed to load resource: net::ERR_FAILED @ file:///D:/%D1%81%D0%B0%D0%B9%D1%82%D0%90%D0%9C%D0%A3%D0%A0%D0%9A%D0%90/data/ssm-rating.json:0
[     817ms] [ERROR] Access to fetch at 'file:///D:/%D1%81%D0%B0%D0%B9%D1%82%D0%90%D0%9C%D0%A3%D0%A0%D0%9A%D0%90/data/server-status.json' from origin 'null' has been blocked by CORS policy: Cross origin requests are only supported for protocol schemes: chrome, chrome-extension, chrome-untrusted, data, http, https, isolated-app. @ file:///D:/%D1%81%D0%B0%D0%B9%D1%82%D0%90%D0%9C%D0%A3%D0%A0%D0%9A%D0%90/stats/index.html:0
[     818ms] [ERROR] Failed to load resource: net::ERR_FAILED @ file:///D:/%D1%81%D0%B0%D0%B9%D1%82%D0%90%D0%9C%D0%A3%D0%A0%D0%9A%D0%90/data/server-status.json:0
[   16421ms] [ERROR] Access to fetch at 'file:///D:/%D1%81%D0%B0%D0%B9%D1%82%D0%90%D0%9C%D0%A3%D0%A0%D0%9A%D0%90/data/ssm-status.json' from origin 'null' has been blocked by CORS policy: Cross origin requests are only supported for protocol schemes: chrome, chrome-extension, chrome-untrusted, data, http, https, isolated-app. @ file:///D:/%D1%81%D0%B0%D0%B9%D1%82%D0%90%D0%9C%D0%A3%D0%A0%D0%9A%D0%90/players/index.html:0
[   16421ms] [ERROR] Failed to load resource: net::ERR_FAILED @ file:///D:/%D1%81%D0%B0%D0%B9%D1%82%D0%90%D0%9C%D0%A3%D0%A0%D0%9A%D0%90/data/ssm-status.json:0
[   16422ms] [ERROR] Access to fetch at 'file:///D:/%D1%81%D0%B0%D0%B9%D1%82%D0%90%D0%9C%D0%A3%D0%A0%D0%9A%D0%90/data/ssm-players.json' from origin 'null' has been blocked by CORS policy: Cross origin requests are only supported for protocol schemes: chrome, chrome-extension, chrome-untrusted, data, http, https, isolated-app. @ file:///D:/%D1%81%D0%B0%D0%B9%D1%82%D0%90%D0%9C%D0%A3%D0%A0%D0%9A%D0%90/players/index.html:0
[   16422ms] [ERROR] Failed to load resource: net::ERR_FAILED @ file:///D:/%D1%81%D0%B0%D0%B9%D1%82%D0%90%D0%9C%D0%A3%D0%A0%D0%9A%D0%90/data/ssm-players.json:0
[   16429ms] [ERROR] Access to fetch at 'file:///D:/%D1%81%D0%B0%D0%B9%D1%82%D0%90%D0%9C%D0%A3%D0%A0%D0%9A%D0%90/data/server-status.json' from origin 'null' has been blocked by CORS policy: Cross origin requests are only supported for protocol schemes: chrome, chrome-extension, chrome-untrusted, data, http, https, isolated-app. @ file:///D:/%D1%81%D0%B0%D0%B9%D1%82%D0%90%D0%9C%D0%A3%D0%A0%D0%9A%D0%90/players/index.html:0
[   16429ms] [ERROR] Failed to load resource: net::ERR_FAILED @ file:///D:/%D1%81%D0%B0%D0%B9%D1%82%D0%90%D0%9C%D0%A3%D0%A0%D0%9A%D0%90/data/server-status.json:0
[   32873ms] [ERROR] Access to fetch at 'file:///D:/%D1%81%D0%B0%D0%B9%D1%82%D0%90%D0%9C%D0%A3%D0%A0%D0%9A%D0%90/data/ssm-status.json' from origin 'null' has been blocked by CORS policy: Cross origin requests are only supported for protocol schemes: chrome, chrome-extension, chrome-untrusted, data, http, https, isolated-app. @ file:///D:/%D1%81%D0%B0%D0%B9%D1%82%D0%90%D0%9C%D0%A3%D0%A0%D0%9A%D0%90/live/index.html:0
[   32873ms] [ERROR] Failed to load resource: net::ERR_FAILED @ file:///D:/%D1%81%D0%B0%D0%B9%D1%82%D0%90%D0%9C%D0%A3%D0%A0%D0%9A%D0%90/data/ssm-status.json:0
[   32874ms] [ERROR] Access to fetch at 'file:///D:/%D1%81%D0%B0%D0%B9%D1%82%D0%90%D0%9C%D0%A3%D0%A0%D0%9A%D0%90/data/ssm-status.json' from origin 'null' has been blocked by CORS policy: Cross origin requests are only supported for protocol schemes: chrome, chrome-extension, chrome-untrusted, data, http, https, isolated-app. @ file:///D:/%D1%81%D0%B0%D0%B9%D1%82%D0%90%D0%9C%D0%A3%D0%A0%D0%9A%D0%90/live/index.html:0
[   32874ms] [ERROR] Failed to load resource: net::ERR_FAILED @ file:///D:/%D1%81%D0%B0%D0%B9%D1%82%D0%90%D0%9C%D0%A3%D0%A0%D0%9A%D0%90/data/ssm-status.json:0
[   32877ms] [ERROR] Access to fetch at 'file:///D:/%D1%81%D0%B0%D0%B9%D1%82%D0%90%D0%9C%D0%A3%D0%A0%D0%9A%D0%90/data/server-status.json' from origin 'null' has been blocked by CORS policy: Cross origin requests are only supported for protocol schemes: chrome, chrome-extension, chrome-untrusted, data, http, https, isolated-app. @ file:///D:/%D1%81%D0%B0%D0%B9%D1%82%D0%90%D0%9C%D0%A3%D0%A0%D0%9A%D0%90/live/index.html:0
[   32877ms] [ERROR] Failed to load resource: net::ERR_FAILED @ file:///D:/%D1%81%D0%B0%D0%B9%D1%82%D0%90%D0%9C%D0%A3%D0%A0%D0%9A%D0%90/data/server-status.json:0
[   32877ms] [ERROR] Access to fetch at 'file:///D:/%D1%81%D0%B0%D0%B9%D1%82%D0%90%D0%9C%D0%A3%D0%A0%D0%9A%D0%90/data/server-status.json' from origin 'null' has been blocked by CORS policy: Cross origin requests are only supported for protocol schemes: chrome, chrome-extension, chrome-untrusted, data, http, https, isolated-app. @ file:///D:/%D1%81%D0%B0%D0%B9%D1%82%D0%90%D0%9C%D0%A3%D0%A0%D0%9A%D0%90/live/index.html:0
[   32877ms] [ERROR] Failed to load resource: net::ERR_FAILED @ file:///D:/%D1%81%D0%B0%D0%B9%D1%82%D0%90%D0%9C%D0%A3%D0%A0%D0%9A%D0%90/data/server-status.json:0
[   32881ms] [ERROR] Access to fetch at 'file:///D:/%D1%81%D0%B0%D0%B9%D1%82%D0%90%D0%9C%D0%A3%D0%A0%D0%9A%D0%90/data/ssm-players.json' from origin 'null' has been blocked by CORS policy: Cross origin requests are only supported for protocol schemes: chrome, chrome-extension, chrome-untrusted, data, http, https, isolated-app. @ file:///D:/%D1%81%D0%B0%D0%B9%D1%82%D0%90%D0%9C%D0%A3%D0%A0%D0%9A%D0%90/live/index.html:0
[   32881ms] [ERROR] Failed to load resource: net::ERR_FAILED @ file:///D:/%D1%81%D0%B0%D0%B9%D1%82%D0%90%D0%9C%D0%A3%D0%A0%D0%9A%D0%90/data/ssm-players.json:0
[   32957ms] [ERROR] Access to fetch at 'file:///D:/%D1%81%D0%B0%D0%B9%D1%82%D0%90%D0%9C%D0%A3%D0%A0%D0%9A%D0%90/data/ssm-status.json' from origin 'null' has been blocked by CORS policy: Cross origin requests are only supported for protocol schemes: chrome, chrome-extension, chrome-untrusted, data, http, https, isolated-app. @ file:///D:/%D1%81%D0%B0%D0%B9%D1%82%D0%90%D0%9C%D0%A3%D0%A0%D0%9A%D0%90/events/index.html:0
[   32957ms] [ERROR] Failed to load resource: net::ERR_FAILED @ file:///D:/%D1%81%D0%B0%D0%B9%D1%82%D0%90%D0%9C%D0%A3%D0%A0%D0%9A%D0%90/data/ssm-status.json:0
[   33008ms] [ERROR] Access to fetch at 'file:///D:/%D1%81%D0%B0%D0%B9%D1%82%D0%90%D0%9C%D0%A3%D0%A0%D0%9A%D0%90/data/server-status.json' from origin 'null' has been blocked by CORS policy: Cross origin requests are only supported for protocol schemes: chrome, chrome-extension, chrome-untrusted, data, http, https, isolated-app. @ file:///D:/%D1%81%D0%B0%D0%B9%D1%82%D0%90%D0%9C%D0%A3%D0%A0%D0%9A%D0%90/events/index.html:0
[   33008ms] [ERROR] Failed to load resource: net::ERR_FAILED @ file:///D:/%D1%81%D0%B0%D0%B9%D1%82%D0%90%D0%9C%D0%A3%D0%A0%D0%9A%D0%90/data/server-status.json:0
[   33125ms] [ERROR] Access to fetch at 'file:///D:/%D1%81%D0%B0%D0%B9%D1%82%D0%90%D0%9C%D0%A3%D0%A0%D0%9A%D0%90/data/ssm-status.json' from origin 'null' has been blocked by CORS policy: Cross origin requests are only supported for protocol schemes: chrome, chrome-extension, chrome-untrusted, data, http, https, isolated-app. @ file:///D:/%D1%81%D0%B0%D0%B9%D1%82%D0%90%D0%9C%D0%A3%D0%A0%D0%9A%D0%90/news/index.html:0
[   33125ms] [ERROR] Failed to load resource: net::ERR_FAILED @ file:///D:/%D1%81%D0%B0%D0%B9%D1%82%D0%90%D0%9C%D0%A3%D0%A0%D0%9A%D0%90/data/ssm-status.json:0
[   33126ms] [ERROR] Access to fetch at 'file:///D:/%D1%81%D0%B0%D0%B9%D1%82%D0%90%D0%9C%D0%A3%D0%A0%D0%9A%D0%90/data/news.json' from origin 'null' has been blocked by CORS policy: Cross origin requests are only supported for protocol schemes: chrome, chrome-extension, chrome-untrusted, data, http, https, isolated-app. @ file:///D:/%D1%81%D0%B0%D0%B9%D1%82%D0%90%D0%9C%D0%A3%D0%A0%D0%9A%D0%90/news/index.html:0
[   33126ms] [ERROR] Failed to load resource: net::ERR_FAILED @ file:///D:/%D1%81%D0%B0%D0%B9%D1%82%D0%90%D0%9C%D0%A3%D0%A0%D0%9A%D0%90/data/news.json:0
[   33126ms] [ERROR] Access to fetch at 'file:///D:/%D1%81%D0%B0%D0%B9%D1%82%D0%90%D0%9C%D0%A3%D0%A0%D0%9A%D0%90/data/news.json' from origin 'null' has been blocked by CORS policy: Cross origin requests are only supported for protocol schemes: chrome, chrome-extension, chrome-untrusted, data, http, https, isolated-app. @ file:///D:/%D1%81%D0%B0%D0%B9%D1%82%D0%90%D0%9C%D0%A3%D0%A0%D0%9A%D0%90/news/index.html:0
[   33126ms] [ERROR] Failed to load resource: net::ERR_FAILED @ file:///D:/%D1%81%D0%B0%D0%B9%D1%82%D0%90%D0%9C%D0%A3%D0%A0%D0%9A%D0%90/data/news.json:0
[   33130ms] [ERROR] Access to fetch at 'file:///D:/%D1%81%D0%B0%D0%B9%D1%82%D0%90%D0%9C%D0%A3%D0%A0%D0%9A%D0%90/data/server-status.json' from origin 'null' has been blocked by CORS policy: Cross origin requests are only supported for protocol schemes: chrome, chrome-extension, chrome-untrusted, data, http, https, isolated-app. @ file:///D:/%D1%81%D0%B0%D0%B9%D1%82%D0%90%D0%9C%D0%A3%D0%A0%D0%9A%D0%90/news/index.html:0
[   33131ms] [ERROR] Failed to load resource: net::ERR_FAILED @ file:///D:/%D1%81%D0%B0%D0%B9%D1%82%D0%90%D0%9C%D0%A3%D0%A0%D0%9A%D0%90/data/server-status.json:0
[   33199ms] [ERROR] Access to fetch at 'file:///D:/%D1%81%D0%B0%D0%B9%D1%82%D0%90%D0%9C%D0%A3%D0%A0%D0%9A%D0%90/data/ssm-status.json' from origin 'null' has been blocked by CORS policy: Cross origin requests are only supported for protocol schemes: chrome, chrome-extension, chrome-untrusted, data, http, https, isolated-app. @ file:///D:/%D1%81%D0%B0%D0%B9%D1%82%D0%90%D0%9C%D0%A3%D0%A0%D0%9A%D0%90/gallery/index.html:0
[   33199ms] [ERROR] Failed to load resource: net::ERR_FAILED @ file:///D:/%D1%81%D0%B0%D0%B9%D1%82%D0%90%D0%9C%D0%A3%D0%A0%D0%9A%D0%90/data/ssm-status.json:0
[   33200ms] [ERROR] Access to fetch at 'file:///D:/%D1%81%D0%B0%D0%B9%D1%82%D0%90%D0%9C%D0%A3%D0%A0%D0%9A%D0%90/data/screenshots.json' from origin 'null' has been blocked by CORS policy: Cross origin requests are only supported for protocol schemes: chrome, chrome-extension, chrome-untrusted, data, http, https, isolated-app. @ file:///D:/%D1%81%D0%B0%D0%B9%D1%82%D0%90%D0%9C%D0%A3%D0%A0%D0%9A%D0%90/gallery/index.html:0
[   33200ms] [ERROR] Failed to load resource: net::ERR_FAILED @ file:///D:/%D1%81%D0%B0%D0%B9%D1%82%D0%90%D0%9C%D0%A3%D0%A0%D0%9A%D0%90/data/screenshots.json:0
[   33200ms] [ERROR] Access to fetch at 'file:///D:/%D1%81%D0%B0%D0%B9%D1%82%D0%90%D0%9C%D0%A3%D0%A0%D0%9A%D0%90/data/screenshots.json' from origin 'null' has been blocked by CORS policy: Cross origin requests are only supported for protocol schemes: chrome, chrome-extension, chrome-untrusted, data, http, https, isolated-app. @ file:///D:/%D1%81%D0%B0%D0%B9%D1%82%D0%90%D0%9C%D0%A3%D0%A0%D0%9A%D0%90/gallery/index.html:0
[   33200ms] [ERROR] Failed to load resource: net::ERR_FAILED @ file:///D:/%D1%81%D0%B0%D0%B9%D1%82%D0%90%D0%9C%D0%A3%D0%A0%D0%9A%D0%90/data/screenshots.json:0
[   33246ms] [ERROR] Access to fetch at 'file:///D:/%D1%81%D0%B0%D0%B9%D1%82%D0%90%D0%9C%D0%A3%D0%A0%D0%9A%D0%90/data/server-status.json' from origin 'null' has been blocked by CORS policy: Cross origin requests are only supported for protocol schemes: chrome, chrome-extension, chrome-untrusted, data, http, https, isolated-app. @ file:///D:/%D1%81%D0%B0%D0%B9%D1%82%D0%90%D0%9C%D0%A3%D0%A0%D0%9A%D0%90/gallery/index.html:0
[   33246ms] [ERROR] Failed to load resource: net::ERR_FAILED @ file:///D:/%D1%81%D0%B0%D0%B9%D1%82%D0%90%D0%9C%D0%A3%D0%A0%D0%9A%D0%90/data/server-status.json:0
[   33316ms] [ERROR] Access to fetch at 'file:///D:/%D1%81%D0%B0%D0%B9%D1%82%D0%90%D0%9C%D0%A3%D0%A0%D0%9A%D0%90/data/ssm-status.json' from origin 'null' has been blocked by CORS policy: Cross origin requests are only supported for protocol schemes: chrome, chrome-extension, chrome-untrusted, data, http, https, isolated-app. @ file:///D:/%D1%81%D0%B0%D0%B9%D1%82%D0%90%D0%9C%D0%A3%D0%A0%D0%9A%D0%90/streamers/index.html:0
[   33316ms] [ERROR] Failed to load resource: net::ERR_FAILED @ file:///D:/%D1%81%D0%B0%D0%B9%D1%82%D0%90%D0%9C%D0%A3%D0%A0%D0%9A%D0%90/data/ssm-status.json:0
[   33316ms] [ERROR] Access to fetch at 'file:///D:/%D1%81%D0%B0%D0%B9%D1%82%D0%90%D0%9C%D0%A3%D0%A0%D0%9A%D0%90/data/streamers.json' from origin 'null' has been blocked by CORS policy: Cross origin requests are only supported for protocol schemes: chrome, chrome-extension, chrome-untrusted, data, http, https, isolated-app. @ file:///D:/%D1%81%D0%B0%D0%B9%D1%82%D0%90%D0%9C%D0%A3%D0%A0%D0%9A%D0%90/streamers/index.html:0
[   33316ms] [ERROR] Failed to load resource: net::ERR_FAILED @ file:///D:/%D1%81%D0%B0%D0%B9%D1%82%D0%90%D0%9C%D0%A3%D0%A0%D0%9A%D0%90/data/streamers.json:0
[   33316ms] [ERROR] Access to fetch at 'file:///D:/%D1%81%D0%B0%D0%B9%D1%82%D0%90%D0%9C%D0%A3%D0%A0%D0%9A%D0%90/data/server-status.json' from origin 'null' has been blocked by CORS policy: Cross origin requests are only supported for protocol schemes: chrome, chrome-extension, chrome-untrusted, data, http, https, isolated-app. @ file:///D:/%D1%81%D0%B0%D0%B9%D1%82%D0%90%D0%9C%D0%A3%D0%A0%D0%9A%D0%90/streamers/index.html:0
[   33316ms] [ERROR] Failed to load resource: net::ERR_FAILED @ file:///D:/%D1%81%D0%B0%D0%B9%D1%82%D0%90%D0%9C%D0%A3%D0%A0%D0%9A%D0%90/data/server-status.json:0
[   33516ms] [ERROR] Access to fetch at 'file:///D:/%D1%81%D0%B0%D0%B9%D1%82%D0%90%D0%9C%D0%A3%D0%A0%D0%9A%D0%90/data/ssm-status.json' from origin 'null' has been blocked by CORS policy: Cross origin requests are only supported for protocol schemes: chrome, chrome-extension, chrome-untrusted, data, http, https, isolated-app. @ file:///D:/%D1%81%D0%B0%D0%B9%D1%82%D0%90%D0%9C%D0%A3%D0%A0%D0%9A%D0%90/domo/index.html:0
[   33516ms] [ERROR] Failed to load resource: net::ERR_FAILED @ file:///D:/%D1%81%D0%B0%D0%B9%D1%82%D0%90%D0%9C%D0%A3%D0%A0%D0%9A%D0%90/data/ssm-status.json:0
[   33517ms] [ERROR] Access to fetch at 'file:///D:/%D1%81%D0%B0%D0%B9%D1%82%D0%90%D0%9C%D0%A3%D0%A0%D0%9A%D0%90/data/ssm-bot.json' from origin 'null' has been blocked by CORS policy: Cross origin requests are only supported for protocol schemes: chrome, chrome-extension, chrome-untrusted, data, http, https, isolated-app. @ file:///D:/%D1%81%D0%B0%D0%B9%D1%82%D0%90%D0%9C%D0%A3%D0%A0%D0%9A%D0%90/domo/index.html:0
[   33517ms] [ERROR] Failed to load resource: net::ERR_FAILED @ file:///D:/%D1%81%D0%B0%D0%B9%D1%82%D0%90%D0%9C%D0%A3%D0%A0%D0%9A%D0%90/data/ssm-bot.json:0
[   33519ms] [ERROR] Access to fetch at 'file:///D:/%D1%81%D0%B0%D0%B9%D1%82%D0%90%D0%9C%D0%A3%D0%A0%D0%9A%D0%90/data/server-status.json' from origin 'null' has been blocked by CORS policy: Cross origin requests are only supported for protocol schemes: chrome, chrome-extension, chrome-untrusted, data, http, https, isolated-app. @ file:///D:/%D1%81%D0%B0%D0%B9%D1%82%D0%90%D0%9C%D0%A3%D0%A0%D0%9A%D0%90/domo/index.html:0
[   33519ms] [ERROR] Failed to load resource: net::ERR_FAILED @ file:///D:/%D1%81%D0%B0%D0%B9%D1%82%D0%90%D0%9C%D0%A3%D0%A0%D0%9A%D0%90/data/server-status.json:0
[   33648ms] [ERROR] Access to fetch at 'file:///D:/%D1%81%D0%B0%D0%B9%D1%82%D0%90%D0%9C%D0%A3%D0%A0%D0%9A%D0%90/data/ssm-status.json' from origin 'null' has been blocked by CORS policy: Cross origin requests are only supported for protocol schemes: chrome, chrome-extension, chrome-untrusted, data, http, https, isolated-app. @ file:///D:/%D1%81%D0%B0%D0%B9%D1%82%D0%90%D0%9C%D0%A3%D0%A0%D0%9A%D0%90/vote/index.html:0
[   33648ms] [ERROR] Failed to load resource: net::ERR_FAILED @ file:///D:/%D1%81%D0%B0%D0%B9%D1%82%D0%90%D0%9C%D0%A3%D0%A0%D0%9A%D0%90/data/ssm-status.json:0
[   33650ms] [ERROR] Access to fetch at 'file:///D:/%D1%81%D0%B0%D0%B9%D1%82%D0%90%D0%9C%D0%A3%D0%A0%D0%9A%D0%90/data/server-status.json' from origin 'null' has been blocked by CORS policy: Cross origin requests are only supported for protocol schemes: chrome, chrome-extension, chrome-untrusted, data, http, https, isolated-app. @ file:///D:/%D1%81%D0%B0%D0%B9%D1%82%D0%90%D0%9C%D0%A3%D0%A0%D0%9A%D0%90/vote/index.html:0
[   33650ms] [ERROR] Failed to load resource: net::ERR_FAILED @ file:///D:/%D1%81%D0%B0%D0%B9%D1%82%D0%90%D0%9C%D0%A3%D0%A0%D0%9A%D0%90/data/server-status.json:0
[   93634ms] [ERROR] Access to fetch at 'file:///D:/%D1%81%D0%B0%D0%B9%D1%82%D0%90%D0%9C%D0%A3%D0%A0%D0%9A%D0%90/data/ssm-status.json' from origin 'null' has been blocked by CORS policy: Cross origin requests are only supported for protocol schemes: chrome, chrome-extension, chrome-untrusted, data, http, https, isolated-app. @ file:///D:/%D1%81%D0%B0%D0%B9%D1%82%D0%90%D0%9C%D0%A3%D0%A0%D0%9A%D0%90/vote/index.html:0
[   93634ms] [ERROR] Failed to load resource: net::ERR_FAILED @ file:///D:/%D1%81%D0%B0%D0%B9%D1%82%D0%90%D0%9C%D0%A3%D0%A0%D0%9A%D0%90/data/ssm-status.json:0
[   93635ms] [ERROR] Access to fetch at 'file:///D:/%D1%81%D0%B0%D0%B9%D1%82%D0%90%D0%9C%D0%A3%D0%A0%D0%9A%D0%90/data/server-status.json' from origin 'null' has been blocked by CORS policy: Cross origin requests are only supported for protocol schemes: chrome, chrome-extension, chrome-untrusted, data, http, https, isolated-app. @ file:///D:/%D1%81%D0%B0%D0%B9%D1%82%D0%90%D0%9C%D0%A3%D0%A0%D0%9A%D0%90/vote/index.html:0
[   93635ms] [ERROR] Failed to load resource: net::ERR_FAILED @ file:///D:/%D1%81%D0%B0%D0%B9%D1%82%D0%90%D0%9C%D0%A3%D0%A0%D0%9A%D0%90/data/server-status.json:0
[  153633ms] [ERROR] Access to fetch at 'file:///D:/%D1%81%D0%B0%D0%B9%D1%82%D0%90%D0%9C%D0%A3%D0%A0%D0%9A%D0%90/data/ssm-status.json' from origin 'null' has been blocked by CORS policy: Cross origin requests are only supported for protocol schemes: chrome, chrome-extension, chrome-untrusted, data, http, https, isolated-app. @ file:///D:/%D1%81%D0%B0%D0%B9%D1%82%D0%90%D0%9C%D0%A3%D0%A0%D0%9A%D0%90/vote/index.html:0
[  153633ms] [ERROR] Failed to load resource: net::ERR_FAILED @ file:///D:/%D1%81%D0%B0%D0%B9%D1%82%D0%90%D0%9C%D0%A3%D0%A0%D0%9A%D0%90/data/ssm-status.json:0
[  153633ms] [ERROR] Access to fetch at 'file:///D:/%D1%81%D0%B0%D0%B9%D1%82%D0%90%D0%9C%D0%A3%D0%A0%D0%9A%D0%90/data/server-status.json' from origin 'null' has been blocked by CORS policy: Cross origin requests are only supported for protocol schemes: chrome, chrome-extension, chrome-untrusted, data, http, https, isolated-app. @ file:///D:/%D1%81%D0%B0%D0%B9%D1%82%D0%90%D0%9C%D0%A3%D0%A0%D0%9A%D0%90/vote/index.html:0
[  153634ms] [ERROR] Failed to load resource: net::ERR_FAILED @ file:///D:/%D1%81%D0%B0%D0%B9%D1%82%D0%90%D0%9C%D0%A3%D0%A0%D0%9A%D0%90/data/server-status.json:0
